// Jest Snapshot v1, https://goo.gl/fbAQLP

exports[`Components/FilmCardList Correct renderer the component 1`] = `
<div
  className="catalog__movies-list"
/>
`;
