// Jest Snapshot v1, https://goo.gl/fbAQLP

exports[`Components/FilmCardTabOverviewContent Correct renderer the component 1`] = `
Array [
  <div
    className="movie-rating"
  >
    <div
      className="movie-rating__score"
    >
      8.2
    </div>
    <p
      className="movie-rating__meta"
    >
      <span
        className="movie-rating__level"
      >
        very good
      </span>
      <span
        className="movie-rating__count"
      >
        40000
         ratings
      </span>
    </p>
  </div>,
  <div
    className="movie-card__text"
  >
    <p>
      description
    </p>
    <p
      className="movie-card__director"
    >
      <strong>
        Director: 
        director
      </strong>
    </p>
    <p
      className="movie-card__starring"
    >
      <strong>
        Starring: 
        star1, star2
      </strong>
    </p>
  </div>,
]
`;
