// Jest Snapshot v1, https://goo.gl/fbAQLP

exports[`Components/header Correct rendering the component 1`] = `
<header
  className="page-header"
  style={
    Object {
      "left": 0,
      "position": "absolute",
      "right": 0,
      "top": 0,
      "zIndex": 2,
    }
  }
>
  <div
    className="logo"
  >
    <a
      className="logo__link"
    >
      <span
        className="logo__letter logo__letter--1"
      >
        W
      </span>
      <span
        className="logo__letter logo__letter--2"
      >
        T
      </span>
      <span
        className="logo__letter logo__letter--3"
      >
        W
      </span>
    </a>
  </div>
  <h1
    className="visually-hidden"
  >
    WTW
  </h1>
  <div
    className="user-block"
  >
    <div
      className="user-block__avatar"
    >
      <img
        alt="User avatar"
        height="63"
        src="../src/assets/img/avatar.jpg"
        width="63"
      />
    </div>
  </div>
</header>
`;
