// Jest Snapshot v1, https://goo.gl/fbAQLP

exports[`Components/Tabs Correct renderer the component 1`] = `
<div>
  <nav
    className="movie-nav movie-card__nav"
  >
    <ul
      className="movie-nav__list"
    >
      <li
        className="movie-nav__item movie-nav__item--active"
        onClick={[Function]}
      >
        <a
          className="movie-nav__link"
          href="#"
        >
          tab1
        </a>
      </li>
      <li
        className="movie-nav__item "
        onClick={[Function]}
      >
        <a
          className="movie-nav__link"
          href="#"
        >
          tab2
        </a>
      </li>
    </ul>
  </nav>
  <div>
    tab
  </div>
</div>
`;
