// Jest Snapshot v1, https://goo.gl/fbAQLP

exports[`Components/FilmCardTabReviewsContent Correct renderer the component 1`] = `
<div
  className="movie-card__reviews movie-card__row"
>
  <div
    className="movie-card__reviews-col"
  >
    <div
      className="review"
    >
      <blockquote
        className="review__quote"
      >
        <p
          className="review__text"
        >
          comment 1
        </p>
        <footer
          className="review__details"
        >
          <cite
            className="review__author"
          >
            kirill
          </cite>
          <time
            className="review__date"
            dateTime="Mon Jun 17 2019"
          >
            June
             
            17
            , 
            2019
          </time>
        </footer>
      </blockquote>
      <div
        className="review__rating"
      >
        8.9
      </div>
    </div>
  </div>
  <div
    className="movie-card__reviews-col"
  />
</div>
`;
