// Jest Snapshot v1, https://goo.gl/fbAQLP

exports[`Components/Review Correct renderer the component 1`] = `
<div
  className="review"
>
  <blockquote
    className="review__quote"
  >
    <p
      className="review__text"
    >
      It was well acted, directed, and the music was good. But the story is yawn. Not trying to rip anybody but I checked my watch a dozen times during this movie.
    </p>
    <footer
      className="review__details"
    >
      <cite
        className="review__author"
      >
        Sophie
      </cite>
      <time
        className="review__date"
        dateTime="2019-06-03T17:29:12.632Z"
      >
        June
         
        3
        , 
        2019
      </time>
    </footer>
  </blockquote>
  <div
    className="review__rating"
  >
    2
  </div>
</div>
`;
